new content

/*
ANKIHUB_END
Text below this comment will not be modified by AnkiHub or AnKing add-ons.
Do not edit or remove this comment if you want to protect the content below.
*/
content to migrate
